Archive member included to satisfy reference by file (symbol)

c:/st/stm32cubeide_1.11.2/stm32cubeide/plugins/com.st.stm32cube.ide.mcu.externaltools.gnu-tools-for-stm32.10.3-2021.10.win32_1.0.100.202210260954/tools/bin/../lib/gcc/arm-none-eabi/10.3.1/../../../../arm-none-eabi/lib/thumb/v7e-m+fp/hard\libc_nano.a(lib_a-exit.o)
                              c:/st/stm32cubeide_1.11.2/stm32cubeide/plugins/com.st.stm32cube.ide.mcu.externaltools.gnu-tools-for-stm32.10.3-2021.10.win32_1.0.100.202210260954/tools/bin/../lib/gcc/arm-none-eabi/10.3.1/../../../../arm-none-eabi/lib/thumb/v7e-m+fp/hard/crt0.o (exit)
c:/st/stm32cubeide_1.11.2/stm32cubeide/plugins/com.st.stm32cube.ide.mcu.externaltools.gnu-tools-for-stm32.10.3-2021.10.win32_1.0.100.202210260954/tools/bin/../lib/gcc/arm-none-eabi/10.3.1/../../../../arm-none-eabi/lib/thumb/v7e-m+fp/hard\libc_nano.a(lib_a-impure.o)
                              c:/st/stm32cubeide_1.11.2/stm32cubeide/plugins/com.st.stm32cube.ide.mcu.externaltools.gnu-tools-for-stm32.10.3-2021.10.win32_1.0.100.202210260954/tools/bin/../lib/gcc/arm-none-eabi/10.3.1/../../../../arm-none-eabi/lib/thumb/v7e-m+fp/hard\libc_nano.a(lib_a-exit.o) (_global_impure_ptr)
c:/st/stm32cubeide_1.11.2/stm32cubeide/plugins/com.st.stm32cube.ide.mcu.externaltools.gnu-tools-for-stm32.10.3-2021.10.win32_1.0.100.202210260954/tools/bin/../lib/gcc/arm-none-eabi/10.3.1/../../../../arm-none-eabi/lib/thumb/v7e-m+fp/hard\libc_nano.a(lib_a-init.o)
                              c:/st/stm32cubeide_1.11.2/stm32cubeide/plugins/com.st.stm32cube.ide.mcu.externaltools.gnu-tools-for-stm32.10.3-2021.10.win32_1.0.100.202210260954/tools/bin/../lib/gcc/arm-none-eabi/10.3.1/../../../../arm-none-eabi/lib/thumb/v7e-m+fp/hard/crt0.o (__libc_init_array)
c:/st/stm32cubeide_1.11.2/stm32cubeide/plugins/com.st.stm32cube.ide.mcu.externaltools.gnu-tools-for-stm32.10.3-2021.10.win32_1.0.100.202210260954/tools/bin/../lib/gcc/arm-none-eabi/10.3.1/../../../../arm-none-eabi/lib/thumb/v7e-m+fp/hard\libc_nano.a(lib_a-memset.o)
                              c:/st/stm32cubeide_1.11.2/stm32cubeide/plugins/com.st.stm32cube.ide.mcu.externaltools.gnu-tools-for-stm32.10.3-2021.10.win32_1.0.100.202210260954/tools/bin/../lib/gcc/arm-none-eabi/10.3.1/../../../../arm-none-eabi/lib/thumb/v7e-m+fp/hard/crt0.o (memset)
c:/st/stm32cubeide_1.11.2/stm32cubeide/plugins/com.st.stm32cube.ide.mcu.externaltools.gnu-tools-for-stm32.10.3-2021.10.win32_1.0.100.202210260954/tools/bin/../lib/gcc/arm-none-eabi/10.3.1/../../../../arm-none-eabi/lib/thumb/v7e-m+fp/hard\libc_nano.a(lib_a-strlen.o)
                              ./Src/006_spiTxtesting.o (strlen)
c:/st/stm32cubeide_1.11.2/stm32cubeide/plugins/com.st.stm32cube.ide.mcu.externaltools.gnu-tools-for-stm32.10.3-2021.10.win32_1.0.100.202210260954/tools/bin/../lib/gcc/arm-none-eabi/10.3.1/../../../../arm-none-eabi/lib/thumb/v7e-m+fp/hard\libnosys.a(_exit.o)
                              c:/st/stm32cubeide_1.11.2/stm32cubeide/plugins/com.st.stm32cube.ide.mcu.externaltools.gnu-tools-for-stm32.10.3-2021.10.win32_1.0.100.202210260954/tools/bin/../lib/gcc/arm-none-eabi/10.3.1/../../../../arm-none-eabi/lib/thumb/v7e-m+fp/hard\libc_nano.a(lib_a-exit.o) (_exit)

Discarded input sections

 .text          0x0000000000000000        0x0 c:/st/stm32cubeide_1.11.2/stm32cubeide/plugins/com.st.stm32cube.ide.mcu.externaltools.gnu-tools-for-stm32.10.3-2021.10.win32_1.0.100.202210260954/tools/bin/../lib/gcc/arm-none-eabi/10.3.1/thumb/v7e-m+fp/hard/crti.o
 .data          0x0000000000000000        0x0 c:/st/stm32cubeide_1.11.2/stm32cubeide/plugins/com.st.stm32cube.ide.mcu.externaltools.gnu-tools-for-stm32.10.3-2021.10.win32_1.0.100.202210260954/tools/bin/../lib/gcc/arm-none-eabi/10.3.1/thumb/v7e-m+fp/hard/crti.o
 .bss           0x0000000000000000        0x0 c:/st/stm32cubeide_1.11.2/stm32cubeide/plugins/com.st.stm32cube.ide.mcu.externaltools.gnu-tools-for-stm32.10.3-2021.10.win32_1.0.100.202210260954/tools/bin/../lib/gcc/arm-none-eabi/10.3.1/thumb/v7e-m+fp/hard/crti.o
 .data          0x0000000000000000        0x4 c:/st/stm32cubeide_1.11.2/stm32cubeide/plugins/com.st.stm32cube.ide.mcu.externaltools.gnu-tools-for-stm32.10.3-2021.10.win32_1.0.100.202210260954/tools/bin/../lib/gcc/arm-none-eabi/10.3.1/thumb/v7e-m+fp/hard/crtbegin.o
 .rodata        0x0000000000000000       0x24 c:/st/stm32cubeide_1.11.2/stm32cubeide/plugins/com.st.stm32cube.ide.mcu.externaltools.gnu-tools-for-stm32.10.3-2021.10.win32_1.0.100.202210260954/tools/bin/../lib/gcc/arm-none-eabi/10.3.1/thumb/v7e-m+fp/hard/crtbegin.o
 .text          0x0000000000000000       0x7c c:/st/stm32cubeide_1.11.2/stm32cubeide/plugins/com.st.stm32cube.ide.mcu.externaltools.gnu-tools-for-stm32.10.3-2021.10.win32_1.0.100.202210260954/tools/bin/../lib/gcc/arm-none-eabi/10.3.1/../../../../arm-none-eabi/lib/thumb/v7e-m+fp/hard/crt0.o
 .data          0x0000000000000000        0x0 c:/st/stm32cubeide_1.11.2/stm32cubeide/plugins/com.st.stm32cube.ide.mcu.externaltools.gnu-tools-for-stm32.10.3-2021.10.win32_1.0.100.202210260954/tools/bin/../lib/gcc/arm-none-eabi/10.3.1/../../../../arm-none-eabi/lib/thumb/v7e-m+fp/hard/crt0.o
 .bss           0x0000000000000000        0x0 c:/st/stm32cubeide_1.11.2/stm32cubeide/plugins/com.st.stm32cube.ide.mcu.externaltools.gnu-tools-for-stm32.10.3-2021.10.win32_1.0.100.202210260954/tools/bin/../lib/gcc/arm-none-eabi/10.3.1/../../../../arm-none-eabi/lib/thumb/v7e-m+fp/hard/crt0.o
 .ARM.extab     0x0000000000000000        0x0 c:/st/stm32cubeide_1.11.2/stm32cubeide/plugins/com.st.stm32cube.ide.mcu.externaltools.gnu-tools-for-stm32.10.3-2021.10.win32_1.0.100.202210260954/tools/bin/../lib/gcc/arm-none-eabi/10.3.1/../../../../arm-none-eabi/lib/thumb/v7e-m+fp/hard/crt0.o
 .ARM.exidx     0x0000000000000000       0x10 c:/st/stm32cubeide_1.11.2/stm32cubeide/plugins/com.st.stm32cube.ide.mcu.externaltools.gnu-tools-for-stm32.10.3-2021.10.win32_1.0.100.202210260954/tools/bin/../lib/gcc/arm-none-eabi/10.3.1/../../../../arm-none-eabi/lib/thumb/v7e-m+fp/hard/crt0.o
 .ARM.attributes
                0x0000000000000000       0x1c c:/st/stm32cubeide_1.11.2/stm32cubeide/plugins/com.st.stm32cube.ide.mcu.externaltools.gnu-tools-for-stm32.10.3-2021.10.win32_1.0.100.202210260954/tools/bin/../lib/gcc/arm-none-eabi/10.3.1/../../../../arm-none-eabi/lib/thumb/v7e-m+fp/hard/crt0.o
 .group         0x0000000000000000        0xc ./ drivers/Src/stm32fxx_gpio.o
 .group         0x0000000000000000        0xc ./ drivers/Src/stm32fxx_gpio.o
 .group         0x0000000000000000        0xc ./ drivers/Src/stm32fxx_gpio.o
 .group         0x0000000000000000        0xc ./ drivers/Src/stm32fxx_gpio.o
 .group         0x0000000000000000        0xc ./ drivers/Src/stm32fxx_gpio.o
 .group         0x0000000000000000        0xc ./ drivers/Src/stm32fxx_gpio.o
 .group         0x0000000000000000        0xc ./ drivers/Src/stm32fxx_gpio.o
 .group         0x0000000000000000        0xc ./ drivers/Src/stm32fxx_gpio.o
 .group         0x0000000000000000        0xc ./ drivers/Src/stm32fxx_gpio.o
 .group         0x0000000000000000        0xc ./ drivers/Src/stm32fxx_gpio.o
 .text          0x0000000000000000        0x0 ./ drivers/Src/stm32fxx_gpio.o
 .data          0x0000000000000000        0x0 ./ drivers/Src/stm32fxx_gpio.o
 .bss           0x0000000000000000        0x0 ./ drivers/Src/stm32fxx_gpio.o
 .data.count    0x0000000000000000        0x4 ./ drivers/Src/stm32fxx_gpio.o
 .text.GPIO_DeInit
                0x0000000000000000      0x16c ./ drivers/Src/stm32fxx_gpio.o
 .text.GPIO_ReadInputPin
                0x0000000000000000       0x2c ./ drivers/Src/stm32fxx_gpio.o
 .text.GPIO_ReadFromInputPort
                0x0000000000000000       0x1c ./ drivers/Src/stm32fxx_gpio.o
 .text.GPIO_WriteToOutputPin
                0x0000000000000000       0x4a ./ drivers/Src/stm32fxx_gpio.o
 .text.GPIO_WriteToOutputPort
                0x0000000000000000       0x1e ./ drivers/Src/stm32fxx_gpio.o
 .text.GPIO_ToggleOutputPin
                0x0000000000000000       0x2a ./ drivers/Src/stm32fxx_gpio.o
 .text.GPIO_IRQConfig
                0x0000000000000000      0x10c ./ drivers/Src/stm32fxx_gpio.o
 .text.GPIO_IRQHandling
                0x0000000000000000       0x40 ./ drivers/Src/stm32fxx_gpio.o
 .text.GPIO_IRQPriorityConfig
                0x0000000000000000       0x54 ./ drivers/Src/stm32fxx_gpio.o
 .group         0x0000000000000000        0xc ./ drivers/Src/stm32fxx_spi.o
 .group         0x0000000000000000        0xc ./ drivers/Src/stm32fxx_spi.o
 .group         0x0000000000000000        0xc ./ drivers/Src/stm32fxx_spi.o
 .group         0x0000000000000000        0xc ./ drivers/Src/stm32fxx_spi.o
 .group         0x0000000000000000        0xc ./ drivers/Src/stm32fxx_spi.o
 .group         0x0000000000000000        0xc ./ drivers/Src/stm32fxx_spi.o
 .group         0x0000000000000000        0xc ./ drivers/Src/stm32fxx_spi.o
 .group         0x0000000000000000        0xc ./ drivers/Src/stm32fxx_spi.o
 .group         0x0000000000000000        0xc ./ drivers/Src/stm32fxx_spi.o
 .group         0x0000000000000000        0xc ./ drivers/Src/stm32fxx_spi.o
 .text          0x0000000000000000        0x0 ./ drivers/Src/stm32fxx_spi.o
 .data          0x0000000000000000        0x0 ./ drivers/Src/stm32fxx_spi.o
 .bss           0x0000000000000000        0x0 ./ drivers/Src/stm32fxx_spi.o
 .text.SPI_DeInit
                0x0000000000000000       0x88 ./ drivers/Src/stm32fxx_spi.o
 .debug_macro   0x0000000000000000      0xa84 ./ drivers/Src/stm32fxx_spi.o
 .debug_macro   0x0000000000000000       0x22 ./ drivers/Src/stm32fxx_spi.o
 .debug_macro   0x0000000000000000       0x8e ./ drivers/Src/stm32fxx_spi.o
 .debug_macro   0x0000000000000000       0x51 ./ drivers/Src/stm32fxx_spi.o
 .debug_macro   0x0000000000000000      0x103 ./ drivers/Src/stm32fxx_spi.o
 .debug_macro   0x0000000000000000       0x6a ./ drivers/Src/stm32fxx_spi.o
 .debug_macro   0x0000000000000000      0x1df ./ drivers/Src/stm32fxx_spi.o
 .debug_macro   0x0000000000000000      0x41c ./ drivers/Src/stm32fxx_spi.o
 .debug_macro   0x0000000000000000       0xca ./ drivers/Src/stm32fxx_spi.o
 .debug_macro   0x0000000000000000       0x94 ./ drivers/Src/stm32fxx_spi.o
 .group         0x0000000000000000        0xc ./Src/006_spiTxtesting.o
 .group         0x0000000000000000        0xc ./Src/006_spiTxtesting.o
 .group         0x0000000000000000        0xc ./Src/006_spiTxtesting.o
 .group         0x0000000000000000        0xc ./Src/006_spiTxtesting.o
 .group         0x0000000000000000        0xc ./Src/006_spiTxtesting.o
 .group         0x0000000000000000        0xc ./Src/006_spiTxtesting.o
 .group         0x0000000000000000        0xc ./Src/006_spiTxtesting.o
 .group         0x0000000000000000        0xc ./Src/006_spiTxtesting.o
 .group         0x0000000000000000        0xc ./Src/006_spiTxtesting.o
 .group         0x0000000000000000        0xc ./Src/006_spiTxtesting.o
 .group         0x0000000000000000        0xc ./Src/006_spiTxtesting.o
 .group         0x0000000000000000        0xc ./Src/006_spiTxtesting.o
 .group         0x0000000000000000        0xc ./Src/006_spiTxtesting.o
 .group         0x0000000000000000        0xc ./Src/006_spiTxtesting.o
 .group         0x0000000000000000        0xc ./Src/006_spiTxtesting.o
 .group         0x0000000000000000        0xc ./Src/006_spiTxtesting.o
 .group         0x0000000000000000        0xc ./Src/006_spiTxtesting.o
 .group         0x0000000000000000        0xc ./Src/006_spiTxtesting.o
 .group         0x0000000000000000        0xc ./Src/006_spiTxtesting.o
 .group         0x0000000000000000        0xc ./Src/006_spiTxtesting.o
 .group         0x0000000000000000        0xc ./Src/006_spiTxtesting.o
 .group         0x0000000000000000        0xc ./Src/006_spiTxtesting.o
 .group         0x0000000000000000        0xc ./Src/006_spiTxtesting.o
 .group         0x0000000000000000        0xc ./Src/006_spiTxtesting.o
 .group         0x0000000000000000        0xc ./Src/006_spiTxtesting.o
 .group         0x0000000000000000        0xc ./Src/006_spiTxtesting.o
 .group         0x0000000000000000        0xc ./Src/006_spiTxtesting.o
 .text          0x0000000000000000        0x0 ./Src/006_spiTxtesting.o
 .data          0x0000000000000000        0x0 ./Src/006_spiTxtesting.o
 .bss           0x0000000000000000        0x0 ./Src/006_spiTxtesting.o
 .debug_macro   0x0000000000000000      0xa84 ./Src/006_spiTxtesting.o
 .debug_macro   0x0000000000000000       0x22 ./Src/006_spiTxtesting.o
 .debug_macro   0x0000000000000000       0x8e ./Src/006_spiTxtesting.o
 .debug_macro   0x0000000000000000       0x51 ./Src/006_spiTxtesting.o
 .debug_macro   0x0000000000000000      0x103 ./Src/006_spiTxtesting.o
 .debug_macro   0x0000000000000000       0x6a ./Src/006_spiTxtesting.o
 .debug_macro   0x0000000000000000      0x1df ./Src/006_spiTxtesting.o
 .debug_macro   0x0000000000000000      0x41c ./Src/006_spiTxtesting.o
 .debug_macro   0x0000000000000000       0xca ./Src/006_spiTxtesting.o
 .text          0x0000000000000000       0x14 ./Startup/startup_stm32f407vgtx.o
 .data          0x0000000000000000        0x0 ./Startup/startup_stm32f407vgtx.o
 .bss           0x0000000000000000        0x0 ./Startup/startup_stm32f407vgtx.o
 .text          0x0000000000000000        0x0 c:/st/stm32cubeide_1.11.2/stm32cubeide/plugins/com.st.stm32cube.ide.mcu.externaltools.gnu-tools-for-stm32.10.3-2021.10.win32_1.0.100.202210260954/tools/bin/../lib/gcc/arm-none-eabi/10.3.1/../../../../arm-none-eabi/lib/thumb/v7e-m+fp/hard\libc_nano.a(lib_a-exit.o)
 .data          0x0000000000000000        0x0 c:/st/stm32cubeide_1.11.2/stm32cubeide/plugins/com.st.stm32cube.ide.mcu.externaltools.gnu-tools-for-stm32.10.3-2021.10.win32_1.0.100.202210260954/tools/bin/../lib/gcc/arm-none-eabi/10.3.1/../../../../arm-none-eabi/lib/thumb/v7e-m+fp/hard\libc_nano.a(lib_a-exit.o)
 .bss           0x0000000000000000        0x0 c:/st/stm32cubeide_1.11.2/stm32cubeide/plugins/com.st.stm32cube.ide.mcu.externaltools.gnu-tools-for-stm32.10.3-2021.10.win32_1.0.100.202210260954/tools/bin/../lib/gcc/arm-none-eabi/10.3.1/../../../../arm-none-eabi/lib/thumb/v7e-m+fp/hard\libc_nano.a(lib_a-exit.o)
 .text.exit     0x0000000000000000       0x28 c:/st/stm32cubeide_1.11.2/stm32cubeide/plugins/com.st.stm32cube.ide.mcu.externaltools.gnu-tools-for-stm32.10.3-2021.10.win32_1.0.100.202210260954/tools/bin/../lib/gcc/arm-none-eabi/10.3.1/../../../../arm-none-eabi/lib/thumb/v7e-m+fp/hard\libc_nano.a(lib_a-exit.o)
 .debug_frame   0x0000000000000000       0x28 c:/st/stm32cubeide_1.11.2/stm32cubeide/plugins/com.st.stm32cube.ide.mcu.externaltools.gnu-tools-for-stm32.10.3-2021.10.win32_1.0.100.202210260954/tools/bin/../lib/gcc/arm-none-eabi/10.3.1/../../../../arm-none-eabi/lib/thumb/v7e-m+fp/hard\libc_nano.a(lib_a-exit.o)
 .ARM.attributes
                0x0000000000000000       0x34 c:/st/stm32cubeide_1.11.2/stm32cubeide/plugins/com.st.stm32cube.ide.mcu.externaltools.gnu-tools-for-stm32.10.3-2021.10.win32_1.0.100.202210260954/tools/bin/../lib/gcc/arm-none-eabi/10.3.1/../../../../arm-none-eabi/lib/thumb/v7e-m+fp/hard\libc_nano.a(lib_a-exit.o)
 .text          0x0000000000000000        0x0 c:/st/stm32cubeide_1.11.2/stm32cubeide/plugins/com.st.stm32cube.ide.mcu.externaltools.gnu-tools-for-stm32.10.3-2021.10.win32_1.0.100.202210260954/tools/bin/../lib/gcc/arm-none-eabi/10.3.1/../../../../arm-none-eabi/lib/thumb/v7e-m+fp/hard\libc_nano.a(lib_a-impure.o)
 .data          0x0000000000000000        0x0 c:/st/stm32cubeide_1.11.2/stm32cubeide/plugins/com.st.stm32cube.ide.mcu.externaltools.gnu-tools-for-stm32.10.3-2021.10.win32_1.0.100.202210260954/tools/bin/../lib/gcc/arm-none-eabi/10.3.1/../../../../arm-none-eabi/lib/thumb/v7e-m+fp/hard\libc_nano.a(lib_a-impure.o)
 .bss           0x0000000000000000        0x0 c:/st/stm32cubeide_1.11.2/stm32cubeide/plugins/com.st.stm32cube.ide.mcu.externaltools.gnu-tools-for-stm32.10.3-2021.10.win32_1.0.100.202210260954/tools/bin/../lib/gcc/arm-none-eabi/10.3.1/../../../../arm-none-eabi/lib/thumb/v7e-m+fp/hard\libc_nano.a(lib_a-impure.o)
 .data._impure_ptr
                0x0000000000000000        0x4 c:/st/stm32cubeide_1.11.2/stm32cubeide/plugins/com.st.stm32cube.ide.mcu.externaltools.gnu-tools-for-stm32.10.3-2021.10.win32_1.0.100.202210260954/tools/bin/../lib/gcc/arm-none-eabi/10.3.1/../../../../arm-none-eabi/lib/thumb/v7e-m+fp/hard\libc_nano.a(lib_a-impure.o)
 .data.impure_data
                0x0000000000000000       0x60 c:/st/stm32cubeide_1.11.2/stm32cubeide/plugins/com.st.stm32cube.ide.mcu.externaltools.gnu-tools-for-stm32.10.3-2021.10.win32_1.0.100.202210260954/tools/bin/../lib/gcc/arm-none-eabi/10.3.1/../../../../arm-none-eabi/lib/thumb/v7e-m+fp/hard\libc_nano.a(lib_a-impure.o)
 .rodata._global_impure_ptr
                0x0000000000000000        0x4 c:/st/stm32cubeide_1.11.2/stm32cubeide/plugins/com.st.stm32cube.ide.mcu.externaltools.gnu-tools-for-stm32.10.3-2021.10.win32_1.0.100.202210260954/tools/bin/../lib/gcc/arm-none-eabi/10.3.1/../../../../arm-none-eabi/lib/thumb/v7e-m+fp/hard\libc_nano.a(lib_a-impure.o)
 .ARM.attributes
                0x0000000000000000       0x34 c:/st/stm32cubeide_1.11.2/stm32cubeide/plugins/com.st.stm32cube.ide.mcu.externaltools.gnu-tools-for-stm32.10.3-2021.10.win32_1.0.100.202210260954/tools/bin/../lib/gcc/arm-none-eabi/10.3.1/../../../../arm-none-eabi/lib/thumb/v7e-m+fp/hard\libc_nano.a(lib_a-impure.o)
 .text          0x0000000000000000        0x0 c:/st/stm32cubeide_1.11.2/stm32cubeide/plugins/com.st.stm32cube.ide.mcu.externaltools.gnu-tools-for-stm32.10.3-2021.10.win32_1.0.100.202210260954/tools/bin/../lib/gcc/arm-none-eabi/10.3.1/../../../../arm-none-eabi/lib/thumb/v7e-m+fp/hard\libc_nano.a(lib_a-init.o)
 .data          0x0000000000000000        0x0 c:/st/stm32cubeide_1.11.2/stm32cubeide/plugins/com.st.stm32cube.ide.mcu.externaltools.gnu-tools-for-stm32.10.3-2021.10.win32_1.0.100.202210260954/tools/bin/../lib/gcc/arm-none-eabi/10.3.1/../../../../arm-none-eabi/lib/thumb/v7e-m+fp/hard\libc_nano.a(lib_a-init.o)
 .bss           0x0000000000000000        0x0 c:/st/stm32cubeide_1.11.2/stm32cubeide/plugins/com.st.stm32cube.ide.mcu.externaltools.gnu-tools-for-stm32.10.3-2021.10.win32_1.0.100.202210260954/tools/bin/../lib/gcc/arm-none-eabi/10.3.1/../../../../arm-none-eabi/lib/thumb/v7e-m+fp/hard\libc_nano.a(lib_a-init.o)
 .text          0x0000000000000000        0x0 c:/st/stm32cubeide_1.11.2/stm32cubeide/plugins/com.st.stm32cube.ide.mcu.externaltools.gnu-tools-for-stm32.10.3-2021.10.win32_1.0.100.202210260954/tools/bin/../lib/gcc/arm-none-eabi/10.3.1/../../../../arm-none-eabi/lib/thumb/v7e-m+fp/hard\libc_nano.a(lib_a-memset.o)
 .data          0x0000000000000000        0x0 c:/st/stm32cubeide_1.11.2/stm32cubeide/plugins/com.st.stm32cube.ide.mcu.externaltools.gnu-tools-for-stm32.10.3-2021.10.win32_1.0.100.202210260954/tools/bin/../lib/gcc/arm-none-eabi/10.3.1/../../../../arm-none-eabi/lib/thumb/v7e-m+fp/hard\libc_nano.a(lib_a-memset.o)
 .bss           0x0000000000000000        0x0 c:/st/stm32cubeide_1.11.2/stm32cubeide/plugins/com.st.stm32cube.ide.mcu.externaltools.gnu-tools-for-stm32.10.3-2021.10.win32_1.0.100.202210260954/tools/bin/../lib/gcc/arm-none-eabi/10.3.1/../../../../arm-none-eabi/lib/thumb/v7e-m+fp/hard\libc_nano.a(lib_a-memset.o)
 .text.memset   0x0000000000000000       0x10 c:/st/stm32cubeide_1.11.2/stm32cubeide/plugins/com.st.stm32cube.ide.mcu.externaltools.gnu-tools-for-stm32.10.3-2021.10.win32_1.0.100.202210260954/tools/bin/../lib/gcc/arm-none-eabi/10.3.1/../../../../arm-none-eabi/lib/thumb/v7e-m+fp/hard\libc_nano.a(lib_a-memset.o)
 .debug_frame   0x0000000000000000       0x20 c:/st/stm32cubeide_1.11.2/stm32cubeide/plugins/com.st.stm32cube.ide.mcu.externaltools.gnu-tools-for-stm32.10.3-2021.10.win32_1.0.100.202210260954/tools/bin/../lib/gcc/arm-none-eabi/10.3.1/../../../../arm-none-eabi/lib/thumb/v7e-m+fp/hard\libc_nano.a(lib_a-memset.o)
 .ARM.attributes
                0x0000000000000000       0x34 c:/st/stm32cubeide_1.11.2/stm32cubeide/plugins/com.st.stm32cube.ide.mcu.externaltools.gnu-tools-for-stm32.10.3-2021.10.win32_1.0.100.202210260954/tools/bin/../lib/gcc/arm-none-eabi/10.3.1/../../../../arm-none-eabi/lib/thumb/v7e-m+fp/hard\libc_nano.a(lib_a-memset.o)
 .data          0x0000000000000000        0x0 c:/st/stm32cubeide_1.11.2/stm32cubeide/plugins/com.st.stm32cube.ide.mcu.externaltools.gnu-tools-for-stm32.10.3-2021.10.win32_1.0.100.202210260954/tools/bin/../lib/gcc/arm-none-eabi/10.3.1/../../../../arm-none-eabi/lib/thumb/v7e-m+fp/hard\libc_nano.a(lib_a-strlen.o)
 .bss           0x0000000000000000        0x0 c:/st/stm32cubeide_1.11.2/stm32cubeide/plugins/com.st.stm32cube.ide.mcu.externaltools.gnu-tools-for-stm32.10.3-2021.10.win32_1.0.100.202210260954/tools/bin/../lib/gcc/arm-none-eabi/10.3.1/../../../../arm-none-eabi/lib/thumb/v7e-m+fp/hard\libc_nano.a(lib_a-strlen.o)
 .text          0x0000000000000000        0x0 c:/st/stm32cubeide_1.11.2/stm32cubeide/plugins/com.st.stm32cube.ide.mcu.externaltools.gnu-tools-for-stm32.10.3-2021.10.win32_1.0.100.202210260954/tools/bin/../lib/gcc/arm-none-eabi/10.3.1/../../../../arm-none-eabi/lib/thumb/v7e-m+fp/hard\libnosys.a(_exit.o)
 .data          0x0000000000000000        0x0 c:/st/stm32cubeide_1.11.2/stm32cubeide/plugins/com.st.stm32cube.ide.mcu.externaltools.gnu-tools-for-stm32.10.3-2021.10.win32_1.0.100.202210260954/tools/bin/../lib/gcc/arm-none-eabi/10.3.1/../../../../arm-none-eabi/lib/thumb/v7e-m+fp/hard\libnosys.a(_exit.o)
 .bss           0x0000000000000000        0x0 c:/st/stm32cubeide_1.11.2/stm32cubeide/plugins/com.st.stm32cube.ide.mcu.externaltools.gnu-tools-for-stm32.10.3-2021.10.win32_1.0.100.202210260954/tools/bin/../lib/gcc/arm-none-eabi/10.3.1/../../../../arm-none-eabi/lib/thumb/v7e-m+fp/hard\libnosys.a(_exit.o)
 .text._exit    0x0000000000000000        0x2 c:/st/stm32cubeide_1.11.2/stm32cubeide/plugins/com.st.stm32cube.ide.mcu.externaltools.gnu-tools-for-stm32.10.3-2021.10.win32_1.0.100.202210260954/tools/bin/../lib/gcc/arm-none-eabi/10.3.1/../../../../arm-none-eabi/lib/thumb/v7e-m+fp/hard\libnosys.a(_exit.o)
 .debug_frame   0x0000000000000000       0x20 c:/st/stm32cubeide_1.11.2/stm32cubeide/plugins/com.st.stm32cube.ide.mcu.externaltools.gnu-tools-for-stm32.10.3-2021.10.win32_1.0.100.202210260954/tools/bin/../lib/gcc/arm-none-eabi/10.3.1/../../../../arm-none-eabi/lib/thumb/v7e-m+fp/hard\libnosys.a(_exit.o)
 .ARM.attributes
                0x0000000000000000       0x34 c:/st/stm32cubeide_1.11.2/stm32cubeide/plugins/com.st.stm32cube.ide.mcu.externaltools.gnu-tools-for-stm32.10.3-2021.10.win32_1.0.100.202210260954/tools/bin/../lib/gcc/arm-none-eabi/10.3.1/../../../../arm-none-eabi/lib/thumb/v7e-m+fp/hard\libnosys.a(_exit.o)
 .text          0x0000000000000000        0x0 c:/st/stm32cubeide_1.11.2/stm32cubeide/plugins/com.st.stm32cube.ide.mcu.externaltools.gnu-tools-for-stm32.10.3-2021.10.win32_1.0.100.202210260954/tools/bin/../lib/gcc/arm-none-eabi/10.3.1/thumb/v7e-m+fp/hard/crtend.o
 .data          0x0000000000000000        0x0 c:/st/stm32cubeide_1.11.2/stm32cubeide/plugins/com.st.stm32cube.ide.mcu.externaltools.gnu-tools-for-stm32.10.3-2021.10.win32_1.0.100.202210260954/tools/bin/../lib/gcc/arm-none-eabi/10.3.1/thumb/v7e-m+fp/hard/crtend.o
 .bss           0x0000000000000000        0x0 c:/st/stm32cubeide_1.11.2/stm32cubeide/plugins/com.st.stm32cube.ide.mcu.externaltools.gnu-tools-for-stm32.10.3-2021.10.win32_1.0.100.202210260954/tools/bin/../lib/gcc/arm-none-eabi/10.3.1/thumb/v7e-m+fp/hard/crtend.o
 .rodata        0x0000000000000000       0x24 c:/st/stm32cubeide_1.11.2/stm32cubeide/plugins/com.st.stm32cube.ide.mcu.externaltools.gnu-tools-for-stm32.10.3-2021.10.win32_1.0.100.202210260954/tools/bin/../lib/gcc/arm-none-eabi/10.3.1/thumb/v7e-m+fp/hard/crtend.o
 .eh_frame      0x0000000000000000        0x4 c:/st/stm32cubeide_1.11.2/stm32cubeide/plugins/com.st.stm32cube.ide.mcu.externaltools.gnu-tools-for-stm32.10.3-2021.10.win32_1.0.100.202210260954/tools/bin/../lib/gcc/arm-none-eabi/10.3.1/thumb/v7e-m+fp/hard/crtend.o
 .ARM.attributes
                0x0000000000000000       0x34 c:/st/stm32cubeide_1.11.2/stm32cubeide/plugins/com.st.stm32cube.ide.mcu.externaltools.gnu-tools-for-stm32.10.3-2021.10.win32_1.0.100.202210260954/tools/bin/../lib/gcc/arm-none-eabi/10.3.1/thumb/v7e-m+fp/hard/crtend.o
 .text          0x0000000000000000        0x0 c:/st/stm32cubeide_1.11.2/stm32cubeide/plugins/com.st.stm32cube.ide.mcu.externaltools.gnu-tools-for-stm32.10.3-2021.10.win32_1.0.100.202210260954/tools/bin/../lib/gcc/arm-none-eabi/10.3.1/thumb/v7e-m+fp/hard/crtn.o
 .data          0x0000000000000000        0x0 c:/st/stm32cubeide_1.11.2/stm32cubeide/plugins/com.st.stm32cube.ide.mcu.externaltools.gnu-tools-for-stm32.10.3-2021.10.win32_1.0.100.202210260954/tools/bin/../lib/gcc/arm-none-eabi/10.3.1/thumb/v7e-m+fp/hard/crtn.o
 .bss           0x0000000000000000        0x0 c:/st/stm32cubeide_1.11.2/stm32cubeide/plugins/com.st.stm32cube.ide.mcu.externaltools.gnu-tools-for-stm32.10.3-2021.10.win32_1.0.100.202210260954/tools/bin/../lib/gcc/arm-none-eabi/10.3.1/thumb/v7e-m+fp/hard/crtn.o

Memory Configuration

Name             Origin             Length             Attributes
CCMRAM           0x0000000010000000 0x0000000000010000 xrw
RAM              0x0000000020000000 0x0000000000020000 xrw
FLASH            0x0000000008000000 0x0000000000100000 xr
*default*        0x0000000000000000 0xffffffffffffffff

Linker script and memory map

LOAD c:/st/stm32cubeide_1.11.2/stm32cubeide/plugins/com.st.stm32cube.ide.mcu.externaltools.gnu-tools-for-stm32.10.3-2021.10.win32_1.0.100.202210260954/tools/bin/../lib/gcc/arm-none-eabi/10.3.1/thumb/v7e-m+fp/hard/crti.o
LOAD c:/st/stm32cubeide_1.11.2/stm32cubeide/plugins/com.st.stm32cube.ide.mcu.externaltools.gnu-tools-for-stm32.10.3-2021.10.win32_1.0.100.202210260954/tools/bin/../lib/gcc/arm-none-eabi/10.3.1/thumb/v7e-m+fp/hard/crtbegin.o
LOAD c:/st/stm32cubeide_1.11.2/stm32cubeide/plugins/com.st.stm32cube.ide.mcu.externaltools.gnu-tools-for-stm32.10.3-2021.10.win32_1.0.100.202210260954/tools/bin/../lib/gcc/arm-none-eabi/10.3.1/../../../../arm-none-eabi/lib/thumb/v7e-m+fp/hard/crt0.o
LOAD ./ drivers/Src/stm32fxx_gpio.o
LOAD ./ drivers/Src/stm32fxx_spi.o
LOAD ./Src/006_spiTxtesting.o
LOAD ./Startup/startup_stm32f407vgtx.o
START GROUP
LOAD c:/st/stm32cubeide_1.11.2/stm32cubeide/plugins/com.st.stm32cube.ide.mcu.externaltools.gnu-tools-for-stm32.10.3-2021.10.win32_1.0.100.202210260954/tools/bin/../lib/gcc/arm-none-eabi/10.3.1/../../../../arm-none-eabi/lib/thumb/v7e-m+fp/hard\libc_nano.a
LOAD c:/st/stm32cubeide_1.11.2/stm32cubeide/plugins/com.st.stm32cube.ide.mcu.externaltools.gnu-tools-for-stm32.10.3-2021.10.win32_1.0.100.202210260954/tools/bin/../lib/gcc/arm-none-eabi/10.3.1/../../../../arm-none-eabi/lib/thumb/v7e-m+fp/hard\libm.a
END GROUP
START GROUP
LOAD c:/st/stm32cubeide_1.11.2/stm32cubeide/plugins/com.st.stm32cube.ide.mcu.externaltools.gnu-tools-for-stm32.10.3-2021.10.win32_1.0.100.202210260954/tools/bin/../lib/gcc/arm-none-eabi/10.3.1/thumb/v7e-m+fp/hard\libgcc.a
LOAD c:/st/stm32cubeide_1.11.2/stm32cubeide/plugins/com.st.stm32cube.ide.mcu.externaltools.gnu-tools-for-stm32.10.3-2021.10.win32_1.0.100.202210260954/tools/bin/../lib/gcc/arm-none-eabi/10.3.1/../../../../arm-none-eabi/lib/thumb/v7e-m+fp/hard\libc_nano.a
END GROUP
START GROUP
LOAD c:/st/stm32cubeide_1.11.2/stm32cubeide/plugins/com.st.stm32cube.ide.mcu.externaltools.gnu-tools-for-stm32.10.3-2021.10.win32_1.0.100.202210260954/tools/bin/../lib/gcc/arm-none-eabi/10.3.1/thumb/v7e-m+fp/hard\libgcc.a
LOAD c:/st/stm32cubeide_1.11.2/stm32cubeide/plugins/com.st.stm32cube.ide.mcu.externaltools.gnu-tools-for-stm32.10.3-2021.10.win32_1.0.100.202210260954/tools/bin/../lib/gcc/arm-none-eabi/10.3.1/../../../../arm-none-eabi/lib/thumb/v7e-m+fp/hard\libc_nano.a
LOAD c:/st/stm32cubeide_1.11.2/stm32cubeide/plugins/com.st.stm32cube.ide.mcu.externaltools.gnu-tools-for-stm32.10.3-2021.10.win32_1.0.100.202210260954/tools/bin/../lib/gcc/arm-none-eabi/10.3.1/../../../../arm-none-eabi/lib/thumb/v7e-m+fp/hard\libnosys.a
END GROUP
START GROUP
LOAD c:/st/stm32cubeide_1.11.2/stm32cubeide/plugins/com.st.stm32cube.ide.mcu.externaltools.gnu-tools-for-stm32.10.3-2021.10.win32_1.0.100.202210260954/tools/bin/../lib/gcc/arm-none-eabi/10.3.1/thumb/v7e-m+fp/hard\libgcc.a
LOAD c:/st/stm32cubeide_1.11.2/stm32cubeide/plugins/com.st.stm32cube.ide.mcu.externaltools.gnu-tools-for-stm32.10.3-2021.10.win32_1.0.100.202210260954/tools/bin/../lib/gcc/arm-none-eabi/10.3.1/../../../../arm-none-eabi/lib/thumb/v7e-m+fp/hard\libc_nano.a
LOAD c:/st/stm32cubeide_1.11.2/stm32cubeide/plugins/com.st.stm32cube.ide.mcu.externaltools.gnu-tools-for-stm32.10.3-2021.10.win32_1.0.100.202210260954/tools/bin/../lib/gcc/arm-none-eabi/10.3.1/../../../../arm-none-eabi/lib/thumb/v7e-m+fp/hard\libnosys.a
END GROUP
LOAD c:/st/stm32cubeide_1.11.2/stm32cubeide/plugins/com.st.stm32cube.ide.mcu.externaltools.gnu-tools-for-stm32.10.3-2021.10.win32_1.0.100.202210260954/tools/bin/../lib/gcc/arm-none-eabi/10.3.1/thumb/v7e-m+fp/hard/crtend.o
LOAD c:/st/stm32cubeide_1.11.2/stm32cubeide/plugins/com.st.stm32cube.ide.mcu.externaltools.gnu-tools-for-stm32.10.3-2021.10.win32_1.0.100.202210260954/tools/bin/../lib/gcc/arm-none-eabi/10.3.1/thumb/v7e-m+fp/hard/crtn.o
                0x0000000020020000                _estack = (ORIGIN (RAM) + LENGTH (RAM))
                0x0000000000000200                _Min_Heap_Size = 0x200
                0x0000000000000400                _Min_Stack_Size = 0x400

.isr_vector     0x0000000008000000      0x1a8
                0x0000000008000000                . = ALIGN (0x4)
 *(.isr_vector)
 .isr_vector    0x0000000008000000      0x1a8 ./Startup/startup_stm32f407vgtx.o
                0x0000000008000000                g_pfnVectors
                0x00000000080001a8                . = ALIGN (0x4)

.text           0x00000000080001a8      0x840
                0x00000000080001a8                . = ALIGN (0x4)
 *(.text)
 .text          0x00000000080001a8       0x40 c:/st/stm32cubeide_1.11.2/stm32cubeide/plugins/com.st.stm32cube.ide.mcu.externaltools.gnu-tools-for-stm32.10.3-2021.10.win32_1.0.100.202210260954/tools/bin/../lib/gcc/arm-none-eabi/10.3.1/thumb/v7e-m+fp/hard/crtbegin.o
 .text          0x00000000080001e8       0x10 c:/st/stm32cubeide_1.11.2/stm32cubeide/plugins/com.st.stm32cube.ide.mcu.externaltools.gnu-tools-for-stm32.10.3-2021.10.win32_1.0.100.202210260954/tools/bin/../lib/gcc/arm-none-eabi/10.3.1/../../../../arm-none-eabi/lib/thumb/v7e-m+fp/hard\libc_nano.a(lib_a-strlen.o)
                0x00000000080001e8                strlen
 *(.text*)
 .text.GPIO_PeriClockControl
                0x00000000080001f8      0x10c ./ drivers/Src/stm32fxx_gpio.o
                0x00000000080001f8                GPIO_PeriClockControl
 .text.GPIO_Init
                0x0000000008000304      0x33c ./ drivers/Src/stm32fxx_gpio.o
                0x0000000008000304                GPIO_Init
 .text.SPI_PeriClockControl
                0x0000000008000640       0x70 ./ drivers/Src/stm32fxx_spi.o
                0x0000000008000640                SPI_PeriClockControl
 .text.SPI_Init
                0x00000000080006b0       0xb6 ./ drivers/Src/stm32fxx_spi.o
                0x00000000080006b0                SPI_Init
 .text.SPI_GetFlagStatus
                0x0000000008000766       0x28 ./ drivers/Src/stm32fxx_spi.o
                0x0000000008000766                SPI_GetFlagStatus
 .text.SPI_Send
                0x000000000800078e       0x6e ./ drivers/Src/stm32fxx_spi.o
                0x000000000800078e                SPI_Send
 .text.SPI_PeripheralControl
                0x00000000080007fc       0x38 ./ drivers/Src/stm32fxx_spi.o
                0x00000000080007fc                SPI_PeripheralControl
 .text.SPI_SSIConfig
                0x0000000008000834       0x38 ./ drivers/Src/stm32fxx_spi.o
                0x0000000008000834                SPI_SSIConfig
 .text.SPI2_GPIO_Inits
                0x000000000800086c       0x44 ./Src/006_spiTxtesting.o
                0x000000000800086c                SPI2_GPIO_Inits
 .text.SPI2_Inits
                0x00000000080008b0       0x3c ./Src/006_spiTxtesting.o
                0x00000000080008b0                SPI2_Inits
 .text.main     0x00000000080008ec       0x48 ./Src/006_spiTxtesting.o
                0x00000000080008ec                main
 .text.Reset_Handler
                0x0000000008000934       0x50 ./Startup/startup_stm32f407vgtx.o
                0x0000000008000934                Reset_Handler
 .text.Default_Handler
                0x0000000008000984        0x2 ./Startup/startup_stm32f407vgtx.o
                0x0000000008000984                RTC_Alarm_IRQHandler
                0x0000000008000984                HASH_RNG_IRQHandler
                0x0000000008000984                EXTI2_IRQHandler
                0x0000000008000984                TIM8_CC_IRQHandler
                0x0000000008000984                DebugMon_Handler
                0x0000000008000984                TIM1_CC_IRQHandler
                0x0000000008000984                DMA2_Stream5_IRQHandler
                0x0000000008000984                HardFault_Handler
                0x0000000008000984                DMA1_Stream5_IRQHandler
                0x0000000008000984                SysTick_Handler
                0x0000000008000984                PVD_IRQHandler
                0x0000000008000984                SDIO_IRQHandler
                0x0000000008000984                TAMP_STAMP_IRQHandler
                0x0000000008000984                PendSV_Handler
                0x0000000008000984                NMI_Handler
                0x0000000008000984                CAN2_RX1_IRQHandler
                0x0000000008000984                EXTI3_IRQHandler
                0x0000000008000984                TIM8_TRG_COM_TIM14_IRQHandler
                0x0000000008000984                TIM1_UP_TIM10_IRQHandler
                0x0000000008000984                TIM8_UP_TIM13_IRQHandler
                0x0000000008000984                I2C3_ER_IRQHandler
                0x0000000008000984                LCD_TFT_IRQHandler
                0x0000000008000984                EXTI0_IRQHandler
                0x0000000008000984                I2C2_EV_IRQHandler
                0x0000000008000984                DMA1_Stream2_IRQHandler
                0x0000000008000984                CAN1_RX0_IRQHandler
                0x0000000008000984                FPU_IRQHandler
                0x0000000008000984                OTG_HS_WKUP_IRQHandler
                0x0000000008000984                UsageFault_Handler
                0x0000000008000984                CAN2_SCE_IRQHandler
                0x0000000008000984                DMA2_Stream2_IRQHandler
                0x0000000008000984                SPI1_IRQHandler
                0x0000000008000984                TIM6_DAC_IRQHandler
                0x0000000008000984                TIM1_BRK_TIM9_IRQHandler
                0x0000000008000984                DCMI_IRQHandler
                0x0000000008000984                CAN2_RX0_IRQHandler
                0x0000000008000984                DMA2_Stream3_IRQHandler
                0x0000000008000984                USART6_IRQHandler
                0x0000000008000984                USART3_IRQHandler
                0x0000000008000984                CRYP_IRQHandler
                0x0000000008000984                CAN1_RX1_IRQHandler
                0x0000000008000984                UART5_IRQHandler
                0x0000000008000984                DMA2_Stream0_IRQHandler
                0x0000000008000984                TIM4_IRQHandler
                0x0000000008000984                I2C1_EV_IRQHandler
                0x0000000008000984                DMA1_Stream6_IRQHandler
                0x0000000008000984                DMA1_Stream1_IRQHandler
                0x0000000008000984                UART4_IRQHandler
                0x0000000008000984                LCD_TFT_1_IRQHandler
                0x0000000008000984                TIM3_IRQHandler
                0x0000000008000984                RCC_IRQHandler
                0x0000000008000984                TIM8_BRK_TIM12_IRQHandler
                0x0000000008000984                Default_Handler
                0x0000000008000984                EXTI15_10_IRQHandler
                0x0000000008000984                ADC_IRQHandler
                0x0000000008000984                DMA1_Stream7_IRQHandler
                0x0000000008000984                TIM7_IRQHandler
                0x0000000008000984                CAN2_TX_IRQHandler
                0x0000000008000984                TIM5_IRQHandler
                0x0000000008000984                DMA2_Stream7_IRQHandler
                0x0000000008000984                I2C3_EV_IRQHandler
                0x0000000008000984                EXTI9_5_IRQHandler
                0x0000000008000984                RTC_WKUP_IRQHandler
                0x0000000008000984                ETH_WKUP_IRQHandler
                0x0000000008000984                SPI2_IRQHandler
                0x0000000008000984                OTG_HS_EP1_IN_IRQHandler
                0x0000000008000984                MemManage_Handler
                0x0000000008000984                DMA1_Stream0_IRQHandler
                0x0000000008000984                CAN1_TX_IRQHandler
                0x0000000008000984                SVC_Handler
                0x0000000008000984                EXTI4_IRQHandler
                0x0000000008000984                FSMC_IRQHandler
                0x0000000008000984                ETH_IRQHandler
                0x0000000008000984                OTG_HS_EP1_OUT_IRQHandler
                0x0000000008000984                WWDG_IRQHandler
                0x0000000008000984                TIM2_IRQHandler
                0x0000000008000984                OTG_FS_WKUP_IRQHandler
                0x0000000008000984                TIM1_TRG_COM_TIM11_IRQHandler
                0x0000000008000984                OTG_HS_IRQHandler
                0x0000000008000984                EXTI1_IRQHandler
                0x0000000008000984                USART2_IRQHandler
                0x0000000008000984                I2C2_ER_IRQHandler
                0x0000000008000984                DMA2_Stream1_IRQHandler
                0x0000000008000984                CAN1_SCE_IRQHandler
                0x0000000008000984                DMA2_Stream4_IRQHandler
                0x0000000008000984                BusFault_Handler
                0x0000000008000984                USART1_IRQHandler
                0x0000000008000984                OTG_FS_IRQHandler
                0x0000000008000984                SPI3_IRQHandler
                0x0000000008000984                DMA1_Stream4_IRQHandler
                0x0000000008000984                I2C1_ER_IRQHandler
                0x0000000008000984                DMA2_Stream6_IRQHandler
                0x0000000008000984                DMA1_Stream3_IRQHandler
 *fill*         0x0000000008000986        0x2 
 .text.__libc_init_array
                0x0000000008000988       0x48 c:/st/stm32cubeide_1.11.2/stm32cubeide/plugins/com.st.stm32cube.ide.mcu.externaltools.gnu-tools-for-stm32.10.3-2021.10.win32_1.0.100.202210260954/tools/bin/../lib/gcc/arm-none-eabi/10.3.1/../../../../arm-none-eabi/lib/thumb/v7e-m+fp/hard\libc_nano.a(lib_a-init.o)
                0x0000000008000988                __libc_init_array
 *(.glue_7)
 .glue_7        0x00000000080009d0        0x0 linker stubs
 *(.glue_7t)
 .glue_7t       0x00000000080009d0        0x0 linker stubs
 *(.eh_frame)
 .eh_frame      0x00000000080009d0        0x0 c:/st/stm32cubeide_1.11.2/stm32cubeide/plugins/com.st.stm32cube.ide.mcu.externaltools.gnu-tools-for-stm32.10.3-2021.10.win32_1.0.100.202210260954/tools/bin/../lib/gcc/arm-none-eabi/10.3.1/thumb/v7e-m+fp/hard/crtbegin.o
 *(.init)
 .init          0x00000000080009d0        0x4 c:/st/stm32cubeide_1.11.2/stm32cubeide/plugins/com.st.stm32cube.ide.mcu.externaltools.gnu-tools-for-stm32.10.3-2021.10.win32_1.0.100.202210260954/tools/bin/../lib/gcc/arm-none-eabi/10.3.1/thumb/v7e-m+fp/hard/crti.o
                0x00000000080009d0                _init
 .init          0x00000000080009d4        0x8 c:/st/stm32cubeide_1.11.2/stm32cubeide/plugins/com.st.stm32cube.ide.mcu.externaltools.gnu-tools-for-stm32.10.3-2021.10.win32_1.0.100.202210260954/tools/bin/../lib/gcc/arm-none-eabi/10.3.1/thumb/v7e-m+fp/hard/crtn.o
 *(.fini)
 .fini          0x00000000080009dc        0x4 c:/st/stm32cubeide_1.11.2/stm32cubeide/plugins/com.st.stm32cube.ide.mcu.externaltools.gnu-tools-for-stm32.10.3-2021.10.win32_1.0.100.202210260954/tools/bin/../lib/gcc/arm-none-eabi/10.3.1/thumb/v7e-m+fp/hard/crti.o
                0x00000000080009dc                _fini
 .fini          0x00000000080009e0        0x8 c:/st/stm32cubeide_1.11.2/stm32cubeide/plugins/com.st.stm32cube.ide.mcu.externaltools.gnu-tools-for-stm32.10.3-2021.10.win32_1.0.100.202210260954/tools/bin/../lib/gcc/arm-none-eabi/10.3.1/thumb/v7e-m+fp/hard/crtn.o
                0x00000000080009e8                . = ALIGN (0x4)
                0x00000000080009e8                _etext = .

.vfp11_veneer   0x00000000080009e8        0x0
 .vfp11_veneer  0x00000000080009e8        0x0 linker stubs

.v4_bx          0x00000000080009e8        0x0
 .v4_bx         0x00000000080009e8        0x0 linker stubs

.iplt           0x00000000080009e8        0x0
 .iplt          0x00000000080009e8        0x0 c:/st/stm32cubeide_1.11.2/stm32cubeide/plugins/com.st.stm32cube.ide.mcu.externaltools.gnu-tools-for-stm32.10.3-2021.10.win32_1.0.100.202210260954/tools/bin/../lib/gcc/arm-none-eabi/10.3.1/thumb/v7e-m+fp/hard/crtbegin.o

.rodata         0x00000000080009e8        0xc
                0x00000000080009e8                . = ALIGN (0x4)
 *(.rodata)
 .rodata        0x00000000080009e8        0xc ./Src/006_spiTxtesting.o
 *(.rodata*)
                0x00000000080009f4                . = ALIGN (0x4)

.rel.dyn        0x00000000080009f4        0x0
 .rel.iplt      0x00000000080009f4        0x0 c:/st/stm32cubeide_1.11.2/stm32cubeide/plugins/com.st.stm32cube.ide.mcu.externaltools.gnu-tools-for-stm32.10.3-2021.10.win32_1.0.100.202210260954/tools/bin/../lib/gcc/arm-none-eabi/10.3.1/thumb/v7e-m+fp/hard/crtbegin.o

.ARM.extab      0x00000000080009f4        0x0
                0x00000000080009f4                . = ALIGN (0x4)
 *(.ARM.extab* .gnu.linkonce.armextab.*)
                0x00000000080009f4                . = ALIGN (0x4)

.ARM            0x00000000080009f4        0x0
                0x00000000080009f4                . = ALIGN (0x4)
                0x00000000080009f4                __exidx_start = .
 *(.ARM.exidx*)
                0x00000000080009f4                __exidx_end = .
                0x00000000080009f4                . = ALIGN (0x4)

.preinit_array  0x00000000080009f4        0x0
                0x00000000080009f4                . = ALIGN (0x4)
                0x00000000080009f4                PROVIDE (__preinit_array_start = .)
 *(.preinit_array*)
                0x00000000080009f4                PROVIDE (__preinit_array_end = .)
                0x00000000080009f4                . = ALIGN (0x4)

.init_array     0x00000000080009f4        0x4
                0x00000000080009f4                . = ALIGN (0x4)
                0x00000000080009f4                PROVIDE (__init_array_start = .)
 *(SORT_BY_NAME(.init_array.*))
 *(.init_array*)
 .init_array    0x00000000080009f4        0x4 c:/st/stm32cubeide_1.11.2/stm32cubeide/plugins/com.st.stm32cube.ide.mcu.externaltools.gnu-tools-for-stm32.10.3-2021.10.win32_1.0.100.202210260954/tools/bin/../lib/gcc/arm-none-eabi/10.3.1/thumb/v7e-m+fp/hard/crtbegin.o
                0x00000000080009f8                PROVIDE (__init_array_end = .)
                0x00000000080009f8                . = ALIGN (0x4)

.fini_array     0x00000000080009f8        0x4
                0x00000000080009f8                . = ALIGN (0x4)
                [!provide]                        PROVIDE (__fini_array_start = .)
 *(SORT_BY_NAME(.fini_array.*))
 *(.fini_array*)
 .fini_array    0x00000000080009f8        0x4 c:/st/stm32cubeide_1.11.2/stm32cubeide/plugins/com.st.stm32cube.ide.mcu.externaltools.gnu-tools-for-stm32.10.3-2021.10.win32_1.0.100.202210260954/tools/bin/../lib/gcc/arm-none-eabi/10.3.1/thumb/v7e-m+fp/hard/crtbegin.o
                [!provide]                        PROVIDE (__fini_array_end = .)
                0x00000000080009fc                . = ALIGN (0x4)
                0x00000000080009fc                _sidata = LOADADDR (.data)

.data           0x0000000020000000        0x0 load address 0x00000000080009fc
                0x0000000020000000                . = ALIGN (0x4)
                0x0000000020000000                _sdata = .
 *(.data)
 *(.data*)
 *(.RamFunc)
 *(.RamFunc*)
                0x0000000020000000                . = ALIGN (0x4)
                0x0000000020000000                _edata = .
                0x00000000080009fc                _siccmram = LOADADDR (.ccmram)

.igot.plt       0x0000000020000000        0x0 load address 0x00000000080009fc
 .igot.plt      0x0000000020000000        0x0 c:/st/stm32cubeide_1.11.2/stm32cubeide/plugins/com.st.stm32cube.ide.mcu.externaltools.gnu-tools-for-stm32.10.3-2021.10.win32_1.0.100.202210260954/tools/bin/../lib/gcc/arm-none-eabi/10.3.1/thumb/v7e-m+fp/hard/crtbegin.o

.ccmram         0x0000000010000000        0x0 load address 0x00000000080009fc
                0x0000000010000000                . = ALIGN (0x4)
                0x0000000010000000                _sccmram = .
 *(.ccmram)
 *(.ccmram*)
                0x0000000010000000                . = ALIGN (0x4)
                0x0000000010000000                _eccmram = .
                0x0000000010000000                . = ALIGN (0x4)

.bss            0x0000000020000000       0x1c
                0x0000000020000000                _sbss = .
                0x0000000020000000                __bss_start__ = _sbss
 *(.bss)
 .bss           0x0000000020000000       0x1c c:/st/stm32cubeide_1.11.2/stm32cubeide/plugins/com.st.stm32cube.ide.mcu.externaltools.gnu-tools-for-stm32.10.3-2021.10.win32_1.0.100.202210260954/tools/bin/../lib/gcc/arm-none-eabi/10.3.1/thumb/v7e-m+fp/hard/crtbegin.o
 *(.bss*)
 *(COMMON)
                0x000000002000001c                . = ALIGN (0x4)
                0x000000002000001c                _ebss = .
                0x000000002000001c                __bss_end__ = _ebss

._user_heap_stack
                0x000000002000001c      0x604
                0x0000000020000020                . = ALIGN (0x8)
 *fill*         0x000000002000001c        0x4 
                [!provide]                        PROVIDE (end = .)
                [!provide]                        PROVIDE (_end = .)
                0x0000000020000220                . = (. + _Min_Heap_Size)
 *fill*         0x0000000020000020      0x200 
                0x0000000020000620                . = (. + _Min_Stack_Size)
 *fill*         0x0000000020000220      0x400 
                0x0000000020000620                . = ALIGN (0x8)

/DISCARD/
 libc.a(*)
 libm.a(*)
 libgcc.a(*)

.ARM.attributes
                0x0000000000000000       0x30
 *(.ARM.attributes)
 .ARM.attributes
                0x0000000000000000       0x1e c:/st/stm32cubeide_1.11.2/stm32cubeide/plugins/com.st.stm32cube.ide.mcu.externaltools.gnu-tools-for-stm32.10.3-2021.10.win32_1.0.100.202210260954/tools/bin/../lib/gcc/arm-none-eabi/10.3.1/thumb/v7e-m+fp/hard/crti.o
 .ARM.attributes
                0x000000000000001e       0x34 c:/st/stm32cubeide_1.11.2/stm32cubeide/plugins/com.st.stm32cube.ide.mcu.externaltools.gnu-tools-for-stm32.10.3-2021.10.win32_1.0.100.202210260954/tools/bin/../lib/gcc/arm-none-eabi/10.3.1/thumb/v7e-m+fp/hard/crtbegin.o
 .ARM.attributes
                0x0000000000000052       0x34 ./ drivers/Src/stm32fxx_gpio.o
 .ARM.attributes
                0x0000000000000086       0x34 ./ drivers/Src/stm32fxx_spi.o
 .ARM.attributes
                0x00000000000000ba       0x34 ./Src/006_spiTxtesting.o
 .ARM.attributes
                0x00000000000000ee       0x21 ./Startup/startup_stm32f407vgtx.o
 .ARM.attributes
                0x000000000000010f       0x34 c:/st/stm32cubeide_1.11.2/stm32cubeide/plugins/com.st.stm32cube.ide.mcu.externaltools.gnu-tools-for-stm32.10.3-2021.10.win32_1.0.100.202210260954/tools/bin/../lib/gcc/arm-none-eabi/10.3.1/../../../../arm-none-eabi/lib/thumb/v7e-m+fp/hard\libc_nano.a(lib_a-init.o)
 .ARM.attributes
                0x0000000000000143       0x17 c:/st/stm32cubeide_1.11.2/stm32cubeide/plugins/com.st.stm32cube.ide.mcu.externaltools.gnu-tools-for-stm32.10.3-2021.10.win32_1.0.100.202210260954/tools/bin/../lib/gcc/arm-none-eabi/10.3.1/../../../../arm-none-eabi/lib/thumb/v7e-m+fp/hard\libc_nano.a(lib_a-strlen.o)
 .ARM.attributes
                0x000000000000015a       0x1e c:/st/stm32cubeide_1.11.2/stm32cubeide/plugins/com.st.stm32cube.ide.mcu.externaltools.gnu-tools-for-stm32.10.3-2021.10.win32_1.0.100.202210260954/tools/bin/../lib/gcc/arm-none-eabi/10.3.1/thumb/v7e-m+fp/hard/crtn.o
OUTPUT(stm32fxxdriver.elf elf32-littlearm)
LOAD linker stubs
LOAD c:/st/stm32cubeide_1.11.2/stm32cubeide/plugins/com.st.stm32cube.ide.mcu.externaltools.gnu-tools-for-stm32.10.3-2021.10.win32_1.0.100.202210260954/tools/bin/../lib/gcc/arm-none-eabi/10.3.1/../../../../arm-none-eabi/lib/thumb/v7e-m+fp/hard\libc.a
LOAD c:/st/stm32cubeide_1.11.2/stm32cubeide/plugins/com.st.stm32cube.ide.mcu.externaltools.gnu-tools-for-stm32.10.3-2021.10.win32_1.0.100.202210260954/tools/bin/../lib/gcc/arm-none-eabi/10.3.1/../../../../arm-none-eabi/lib/thumb/v7e-m+fp/hard\libm.a
LOAD c:/st/stm32cubeide_1.11.2/stm32cubeide/plugins/com.st.stm32cube.ide.mcu.externaltools.gnu-tools-for-stm32.10.3-2021.10.win32_1.0.100.202210260954/tools/bin/../lib/gcc/arm-none-eabi/10.3.1/thumb/v7e-m+fp/hard\libgcc.a

.debug_info     0x0000000000000000     0x1173
 .debug_info    0x0000000000000000      0x7ba ./ drivers/Src/stm32fxx_gpio.o
 .debug_info    0x00000000000007ba      0x54b ./ drivers/Src/stm32fxx_spi.o
 .debug_info    0x0000000000000d05      0x44c ./Src/006_spiTxtesting.o
 .debug_info    0x0000000000001151       0x22 ./Startup/startup_stm32f407vgtx.o

.debug_abbrev   0x0000000000000000      0x409
 .debug_abbrev  0x0000000000000000      0x197 ./ drivers/Src/stm32fxx_gpio.o
 .debug_abbrev  0x0000000000000197      0x132 ./ drivers/Src/stm32fxx_spi.o
 .debug_abbrev  0x00000000000002c9      0x12e ./Src/006_spiTxtesting.o
 .debug_abbrev  0x00000000000003f7       0x12 ./Startup/startup_stm32f407vgtx.o

.debug_aranges  0x0000000000000000      0x118
 .debug_aranges
                0x0000000000000000       0x70 ./ drivers/Src/stm32fxx_gpio.o
 .debug_aranges
                0x0000000000000070       0x50 ./ drivers/Src/stm32fxx_spi.o
 .debug_aranges
                0x00000000000000c0       0x30 ./Src/006_spiTxtesting.o
 .debug_aranges
                0x00000000000000f0       0x28 ./Startup/startup_stm32f407vgtx.o

.debug_ranges   0x0000000000000000       0xe0
 .debug_ranges  0x0000000000000000       0x60 ./ drivers/Src/stm32fxx_gpio.o
 .debug_ranges  0x0000000000000060       0x40 ./ drivers/Src/stm32fxx_spi.o
 .debug_ranges  0x00000000000000a0       0x20 ./Src/006_spiTxtesting.o
 .debug_ranges  0x00000000000000c0       0x20 ./Startup/startup_stm32f407vgtx.o

.debug_macro    0x0000000000000000     0x2022
 .debug_macro   0x0000000000000000       0x9a ./ drivers/Src/stm32fxx_gpio.o
 .debug_macro   0x000000000000009a      0xa84 ./ drivers/Src/stm32fxx_gpio.o
 .debug_macro   0x0000000000000b1e       0x22 ./ drivers/Src/stm32fxx_gpio.o
 .debug_macro   0x0000000000000b40       0x8e ./ drivers/Src/stm32fxx_gpio.o
 .debug_macro   0x0000000000000bce       0x51 ./ drivers/Src/stm32fxx_gpio.o
 .debug_macro   0x0000000000000c1f      0x103 ./ drivers/Src/stm32fxx_gpio.o
 .debug_macro   0x0000000000000d22       0x6a ./ drivers/Src/stm32fxx_gpio.o
 .debug_macro   0x0000000000000d8c      0x1df ./ drivers/Src/stm32fxx_gpio.o
 .debug_macro   0x0000000000000f6b      0x41c ./ drivers/Src/stm32fxx_gpio.o
 .debug_macro   0x0000000000001387       0x94 ./ drivers/Src/stm32fxx_gpio.o
 .debug_macro   0x000000000000141b       0xca ./ drivers/Src/stm32fxx_gpio.o
 .debug_macro   0x00000000000014e5       0x9a ./ drivers/Src/stm32fxx_spi.o
 .debug_macro   0x000000000000157f      0x163 ./Src/006_spiTxtesting.o
 .debug_macro   0x00000000000016e2       0x9a ./Src/006_spiTxtesting.o
 .debug_macro   0x000000000000177c       0x52 ./Src/006_spiTxtesting.o
 .debug_macro   0x00000000000017ce       0x1e ./Src/006_spiTxtesting.o
 .debug_macro   0x00000000000017ec       0x3c ./Src/006_spiTxtesting.o
 .debug_macro   0x0000000000001828       0x34 ./Src/006_spiTxtesting.o
 .debug_macro   0x000000000000185c      0x174 ./Src/006_spiTxtesting.o
 .debug_macro   0x00000000000019d0       0x16 ./Src/006_spiTxtesting.o
 .debug_macro   0x00000000000019e6       0x43 ./Src/006_spiTxtesting.o
 .debug_macro   0x0000000000001a29       0x34 ./Src/006_spiTxtesting.o
 .debug_macro   0x0000000000001a5d       0x10 ./Src/006_spiTxtesting.o
 .debug_macro   0x0000000000001a6d       0x58 ./Src/006_spiTxtesting.o
 .debug_macro   0x0000000000001ac5       0x71 ./Src/006_spiTxtesting.o
 .debug_macro   0x0000000000001b36       0x1c ./Src/006_spiTxtesting.o
 .debug_macro   0x0000000000001b52      0x12a ./Src/006_spiTxtesting.o
 .debug_macro   0x0000000000001c7c      0x341 ./Src/006_spiTxtesting.o
 .debug_macro   0x0000000000001fbd       0x10 ./Src/006_spiTxtesting.o
 .debug_macro   0x0000000000001fcd       0x35 ./Src/006_spiTxtesting.o
 .debug_macro   0x0000000000002002       0x20 ./Src/006_spiTxtesting.o

.debug_line     0x0000000000000000     0x1546
 .debug_line    0x0000000000000000      0x934 ./ drivers/Src/stm32fxx_gpio.o
 .debug_line    0x0000000000000934      0x59a ./ drivers/Src/stm32fxx_spi.o
 .debug_line    0x0000000000000ece      0x5f4 ./Src/006_spiTxtesting.o
 .debug_line    0x00000000000014c2       0x84 ./Startup/startup_stm32f407vgtx.o

.debug_str      0x0000000000000000     0x8a33
 .debug_str     0x0000000000000000     0x5779 ./ drivers/Src/stm32fxx_gpio.o
                                       0x5902 (size before relaxing)
 .debug_str     0x0000000000005779      0x143 ./ drivers/Src/stm32fxx_spi.o
                                       0x57de (size before relaxing)
 .debug_str     0x00000000000058bc     0x3146 ./Src/006_spiTxtesting.o
                                       0x88d0 (size before relaxing)
 .debug_str     0x0000000000008a02       0x31 ./Startup/startup_stm32f407vgtx.o
                                         0x82 (size before relaxing)

.comment        0x0000000000000000       0x50
 .comment       0x0000000000000000       0x50 ./ drivers/Src/stm32fxx_gpio.o
                                         0x51 (size before relaxing)
 .comment       0x0000000000000050       0x51 ./ drivers/Src/stm32fxx_spi.o
 .comment       0x0000000000000050       0x51 ./Src/006_spiTxtesting.o

.debug_frame    0x0000000000000000      0x38c
 .debug_frame   0x0000000000000000      0x1c8 ./ drivers/Src/stm32fxx_gpio.o
 .debug_frame   0x00000000000001c8      0x120 ./ drivers/Src/stm32fxx_spi.o
 .debug_frame   0x00000000000002e8       0x78 ./Src/006_spiTxtesting.o
 .debug_frame   0x0000000000000360       0x2c c:/st/stm32cubeide_1.11.2/stm32cubeide/plugins/com.st.stm32cube.ide.mcu.externaltools.gnu-tools-for-stm32.10.3-2021.10.win32_1.0.100.202210260954/tools/bin/../lib/gcc/arm-none-eabi/10.3.1/../../../../arm-none-eabi/lib/thumb/v7e-m+fp/hard\libc_nano.a(lib_a-init.o)
